// Jest Snapshot v1, https://goo.gl/fbAQLP

exports[`< LoginScreen /> App test against snapshot 1`] = `
<View
  style={
    Object {
      "alignItems": "center",
      "flex": 1,
    }
  }
>
  <KeyboardAwareScrollView
    enableAutomaticScroll={true}
    enableOnAndroid={false}
    enableResetScrollToCoords={true}
    extraHeight={75}
    extraScrollHeight={0}
    keyboardOpeningTime={250}
    keyboardShouldPersistTaps="always"
    style={
      Object {
        "flex": 1,
        "width": "100%",
      }
    }
    viewIsInsideTabBar={false}
  >
    <Image
      source={1}
      style={
        Object {
          "alignSelf": "center",
          "flex": 1,
          "height": 120,
          "margin": 30,
          "width": 90,
        }
      }
    />
    <Component
      allowFontScaling={true}
      autoCapitalize="none"
      onChangeText={[Function]}
      placeholder="E-mail"
      placeholderTextColor="#aaaaaa"
      rejectResponderTermination={true}
      style={
        Object {
          "backgroundColor": "white",
          "borderRadius": 5,
          "height": 48,
          "marginBottom": 10,
          "marginLeft": 30,
          "marginRight": 30,
          "marginTop": 10,
          "overflow": "hidden",
          "paddingLeft": 16,
        }
      }
      underlineColorAndroid="transparent"
      value=""
    />
    <Component
      allowFontScaling={true}
      autoCapitalize="none"
      onChangeText={[Function]}
      placeholder="Password"
      placeholderTextColor="#aaaaaa"
      rejectResponderTermination={true}
      secureTextEntry={true}
      style={
        Object {
          "backgroundColor": "white",
          "borderRadius": 5,
          "height": 48,
          "marginBottom": 10,
          "marginLeft": 30,
          "marginRight": 30,
          "marginTop": 10,
          "overflow": "hidden",
          "paddingLeft": 16,
        }
      }
      underlineColorAndroid="transparent"
      value=""
    />
    <ForwardRef
      onPress={[Function]}
      style={
        Object {
          "alignItems": "center",
          "backgroundColor": "#788eec",
          "borderRadius": 5,
          "height": 48,
          "justifyContent": "center",
          "marginLeft": 30,
          "marginRight": 30,
          "marginTop": 20,
        }
      }
    >
      <Text
        style={
          Object {
            "color": "white",
            "fontSize": 16,
            "fontWeight": "bold",
          }
        }
      >
        Log in
      </Text>
    </ForwardRef>
    <View
      style={
        Object {
          "alignItems": "center",
          "flex": 1,
          "marginTop": 20,
        }
      }
    >
      <Text
        style={
          Object {
            "color": "#2e2e2d",
            "fontSize": 16,
          }
        }
      >
        Don't have an account?
         
        <Text
          onPress={[Function]}
          style={
            Object {
              "color": "#788eec",
              "fontSize": 16,
              "fontWeight": "bold",
            }
          }
        >
          Sign up
        </Text>
      </Text>
    </View>
  </KeyboardAwareScrollView>
</View>
`;
